Archive member included to satisfy reference by file (symbol)

D:/msys32/home/40806/esp/example/mqtt_no_ssl/build/bootloader/main\libmain.a(bootloader_start.o)
                              (call_start_cpu)
D:/msys32/home/40806/esp/example/mqtt_no_ssl/build/bootloader/bootloader_support\libbootloader_support.a(bootloader_utility.o)
                              D:/msys32/home/40806/esp/example/mqtt_no_ssl/build/bootloader/main\libmain.a(bootloader_start.o) (bootloader_utility_load_partition_table)
D:/msys32/home/40806/esp/example/mqtt_no_ssl/build/bootloader/bootloader_support\libbootloader_support.a(bootloader_init.o)
                              D:/msys32/home/40806/esp/example/mqtt_no_ssl/build/bootloader/main\libmain.a(bootloader_start.o) (bootloader_init)
D:/msys32/home/40806/esp/example/mqtt_no_ssl/build/bootloader/bootloader_support\libbootloader_support.a(bootloader_flash.o)
                              D:/msys32/home/40806/esp/example/mqtt_no_ssl/build/bootloader/bootloader_support\libbootloader_support.a(bootloader_utility.o) (bootloader_mmap)
D:/msys32/home/40806/esp/example/mqtt_no_ssl/build/bootloader/bootloader_support\libbootloader_support.a(esp_image_format.o)
                              D:/msys32/home/40806/esp/example/mqtt_no_ssl/build/bootloader/bootloader_support\libbootloader_support.a(bootloader_utility.o) (esp_image_load)
D:/msys32/home/40806/esp/example/mqtt_no_ssl/build/bootloader/bootloader_support\libbootloader_support.a(flash_partitions.o)
                              D:/msys32/home/40806/esp/example/mqtt_no_ssl/build/bootloader/bootloader_support\libbootloader_support.a(bootloader_utility.o) (esp_partition_table_basic_verify)
D:/msys32/home/40806/esp/example/mqtt_no_ssl/build/bootloader/bootloader_support\libbootloader_support.a(bootloader_common.o)
                              D:/msys32/home/40806/esp/example/mqtt_no_ssl/build/bootloader/bootloader_support\libbootloader_support.a(bootloader_utility.o) (bootloader_common_ota_select_valid)
D:/msys32/home/40806/esp/example/mqtt_no_ssl/build/bootloader/spi_flash\libspi_flash.a(spi_flash.o)
                              D:/msys32/home/40806/esp/example/mqtt_no_ssl/build/bootloader/bootloader_support\libbootloader_support.a(flash_partitions.o) (flashchip)
D:/msys32/home/40806/esp/example/mqtt_no_ssl/build/bootloader/spi_flash\libspi_flash.a(spi_flash_raw.o)
                              D:/msys32/home/40806/esp/example/mqtt_no_ssl/build/bootloader/spi_flash\libspi_flash.a(spi_flash.o) (spi_flash_get_id_raw)
D:/msys32/home/40806/esp/example/mqtt_no_ssl/build/bootloader/log\liblog.a(log.o)
                              D:/msys32/home/40806/esp/example/mqtt_no_ssl/build/bootloader/bootloader_support\libbootloader_support.a(bootloader_common.o) (esp_log_early_timestamp)
D:/msys32/home/40806/esp/example/mqtt_no_ssl/build/bootloader/esp8266\libesp8266.a(ets_printf.o)
                              D:/msys32/home/40806/esp/example/mqtt_no_ssl/build/bootloader/log\liblog.a(log.o) (ets_vprintf)
D:/msys32/home/40806/esp/example/mqtt_no_ssl/build/bootloader/util\libutil.a(crc.o)
                              D:/msys32/home/40806/esp/example/mqtt_no_ssl/build/bootloader/bootloader_support\libbootloader_support.a(bootloader_common.o) (crc32_le)
D:/msys32/home/40806/esp/ESP8266_RTOS_SDK/components/esp8266/lib\libcore.a(phy.o)
                              D:/msys32/home/40806/esp/example/mqtt_no_ssl/build/bootloader/bootloader_support\libbootloader_support.a(bootloader_init.o) (phy_reg_default)
D:/msys32/home/40806/esp/ESP8266_RTOS_SDK/components/esp8266/lib\libcore.a(uart.o)
                              D:/msys32/home/40806/esp/example/mqtt_no_ssl/build/bootloader/bootloader_support\libbootloader_support.a(bootloader_init.o) (uart_div_modify)

Allocating common symbols
Common symbol       size              file

esp_image_spi_freq_t
                    0x4               D:/msys32/home/40806/esp/example/mqtt_no_ssl/build/bootloader/main\libmain.a(bootloader_start.o)

Discarded input sections

 .text          0x00000000        0x0 D:/msys32/home/40806/esp/example/mqtt_no_ssl/build/bootloader/main\libmain.a(bootloader_start.o)
 .data          0x00000000        0x0 D:/msys32/home/40806/esp/example/mqtt_no_ssl/build/bootloader/main\libmain.a(bootloader_start.o)
 .bss           0x00000000        0x0 D:/msys32/home/40806/esp/example/mqtt_no_ssl/build/bootloader/main\libmain.a(bootloader_start.o)
 .xt.lit        0x00000000       0x18 D:/msys32/home/40806/esp/example/mqtt_no_ssl/build/bootloader/main\libmain.a(bootloader_start.o)
 .xt.prop       0x00000000       0xe4 D:/msys32/home/40806/esp/example/mqtt_no_ssl/build/bootloader/main\libmain.a(bootloader_start.o)
 COMMON         0x00000000        0x4 D:/msys32/home/40806/esp/example/mqtt_no_ssl/build/bootloader/main\libmain.a(bootloader_start.o)
 .text          0x00000000        0x0 D:/msys32/home/40806/esp/example/mqtt_no_ssl/build/bootloader/bootloader_support\libbootloader_support.a(bootloader_utility.o)
 .data          0x00000000        0x0 D:/msys32/home/40806/esp/example/mqtt_no_ssl/build/bootloader/bootloader_support\libbootloader_support.a(bootloader_utility.o)
 .bss           0x00000000        0x0 D:/msys32/home/40806/esp/example/mqtt_no_ssl/build/bootloader/bootloader_support\libbootloader_support.a(bootloader_utility.o)
 .xt.lit        0x00000000       0x30 D:/msys32/home/40806/esp/example/mqtt_no_ssl/build/bootloader/bootloader_support\libbootloader_support.a(bootloader_utility.o)
 .xt.prop       0x00000000      0x504 D:/msys32/home/40806/esp/example/mqtt_no_ssl/build/bootloader/bootloader_support\libbootloader_support.a(bootloader_utility.o)
 .text          0x00000000        0x0 D:/msys32/home/40806/esp/example/mqtt_no_ssl/build/bootloader/bootloader_support\libbootloader_support.a(bootloader_init.o)
 .data          0x00000000        0x0 D:/msys32/home/40806/esp/example/mqtt_no_ssl/build/bootloader/bootloader_support\libbootloader_support.a(bootloader_init.o)
 .bss           0x00000000        0x0 D:/msys32/home/40806/esp/example/mqtt_no_ssl/build/bootloader/bootloader_support\libbootloader_support.a(bootloader_init.o)
 .xt.lit        0x00000000       0x28 D:/msys32/home/40806/esp/example/mqtt_no_ssl/build/bootloader/bootloader_support\libbootloader_support.a(bootloader_init.o)
 .xt.prop       0x00000000      0x27c D:/msys32/home/40806/esp/example/mqtt_no_ssl/build/bootloader/bootloader_support\libbootloader_support.a(bootloader_init.o)
 .literal.bootloader_flash_write
                0x00000000       0x28 D:/msys32/home/40806/esp/example/mqtt_no_ssl/build/bootloader/bootloader_support\libbootloader_support.a(bootloader_flash.o)
 .literal.bootloader_flash_erase_sector
                0x00000000        0x4 D:/msys32/home/40806/esp/example/mqtt_no_ssl/build/bootloader/bootloader_support\libbootloader_support.a(bootloader_flash.o)
 .text          0x00000000        0x0 D:/msys32/home/40806/esp/example/mqtt_no_ssl/build/bootloader/bootloader_support\libbootloader_support.a(bootloader_flash.o)
 .data          0x00000000        0x0 D:/msys32/home/40806/esp/example/mqtt_no_ssl/build/bootloader/bootloader_support\libbootloader_support.a(bootloader_flash.o)
 .bss           0x00000000        0x0 D:/msys32/home/40806/esp/example/mqtt_no_ssl/build/bootloader/bootloader_support\libbootloader_support.a(bootloader_flash.o)
 .text.bootloader_flash_write
                0x00000000       0x9d D:/msys32/home/40806/esp/example/mqtt_no_ssl/build/bootloader/bootloader_support\libbootloader_support.a(bootloader_flash.o)
 .text.bootloader_flash_erase_sector
                0x00000000       0x15 D:/msys32/home/40806/esp/example/mqtt_no_ssl/build/bootloader/bootloader_support\libbootloader_support.a(bootloader_flash.o)
 .xt.lit        0x00000000       0x30 D:/msys32/home/40806/esp/example/mqtt_no_ssl/build/bootloader/bootloader_support\libbootloader_support.a(bootloader_flash.o)
 .xt.prop       0x00000000      0x204 D:/msys32/home/40806/esp/example/mqtt_no_ssl/build/bootloader/bootloader_support\libbootloader_support.a(bootloader_flash.o)
 .literal.esp_image_verify_bootloader
                0x00000000        0x8 D:/msys32/home/40806/esp/example/mqtt_no_ssl/build/bootloader/bootloader_support\libbootloader_support.a(esp_image_format.o)
 .text          0x00000000        0x0 D:/msys32/home/40806/esp/example/mqtt_no_ssl/build/bootloader/bootloader_support\libbootloader_support.a(esp_image_format.o)
 .data          0x00000000        0x0 D:/msys32/home/40806/esp/example/mqtt_no_ssl/build/bootloader/bootloader_support\libbootloader_support.a(esp_image_format.o)
 .bss           0x00000000        0x0 D:/msys32/home/40806/esp/example/mqtt_no_ssl/build/bootloader/bootloader_support\libbootloader_support.a(esp_image_format.o)
 .text.esp_image_verify_bootloader
                0x00000000       0x41 D:/msys32/home/40806/esp/example/mqtt_no_ssl/build/bootloader/bootloader_support\libbootloader_support.a(esp_image_format.o)
 .xt.lit        0x00000000       0x40 D:/msys32/home/40806/esp/example/mqtt_no_ssl/build/bootloader/bootloader_support\libbootloader_support.a(esp_image_format.o)
 .xt.prop       0x00000000      0x480 D:/msys32/home/40806/esp/example/mqtt_no_ssl/build/bootloader/bootloader_support\libbootloader_support.a(esp_image_format.o)
 .text          0x00000000        0x0 D:/msys32/home/40806/esp/example/mqtt_no_ssl/build/bootloader/bootloader_support\libbootloader_support.a(flash_partitions.o)
 .data          0x00000000        0x0 D:/msys32/home/40806/esp/example/mqtt_no_ssl/build/bootloader/bootloader_support\libbootloader_support.a(flash_partitions.o)
 .bss           0x00000000        0x0 D:/msys32/home/40806/esp/example/mqtt_no_ssl/build/bootloader/bootloader_support\libbootloader_support.a(flash_partitions.o)
 .xt.lit        0x00000000        0x8 D:/msys32/home/40806/esp/example/mqtt_no_ssl/build/bootloader/bootloader_support\libbootloader_support.a(flash_partitions.o)
 .xt.prop       0x00000000       0xfc D:/msys32/home/40806/esp/example/mqtt_no_ssl/build/bootloader/bootloader_support\libbootloader_support.a(flash_partitions.o)
 .literal.bootloader_common_check_long_hold_gpio
                0x00000000       0x58 D:/msys32/home/40806/esp/example/mqtt_no_ssl/build/bootloader/bootloader_support\libbootloader_support.a(bootloader_common.o)
 .text          0x00000000        0x0 D:/msys32/home/40806/esp/example/mqtt_no_ssl/build/bootloader/bootloader_support\libbootloader_support.a(bootloader_common.o)
 .data          0x00000000        0x0 D:/msys32/home/40806/esp/example/mqtt_no_ssl/build/bootloader/bootloader_support\libbootloader_support.a(bootloader_common.o)
 .bss           0x00000000        0x0 D:/msys32/home/40806/esp/example/mqtt_no_ssl/build/bootloader/bootloader_support\libbootloader_support.a(bootloader_common.o)
 .text.bootloader_common_check_long_hold_gpio
                0x00000000      0x24a D:/msys32/home/40806/esp/example/mqtt_no_ssl/build/bootloader/bootloader_support\libbootloader_support.a(bootloader_common.o)
 .xt.lit        0x00000000       0x18 D:/msys32/home/40806/esp/example/mqtt_no_ssl/build/bootloader/bootloader_support\libbootloader_support.a(bootloader_common.o)
 .xt.prop       0x00000000      0x420 D:/msys32/home/40806/esp/example/mqtt_no_ssl/build/bootloader/bootloader_support\libbootloader_support.a(bootloader_common.o)
 .literal.spi_flash_program
                0x00000000       0x20 D:/msys32/home/40806/esp/example/mqtt_no_ssl/build/bootloader/spi_flash\libspi_flash.a(spi_flash.o)
 .literal.__spi_flash_write
                0x00000000        0x8 D:/msys32/home/40806/esp/example/mqtt_no_ssl/build/bootloader/spi_flash\libspi_flash.a(spi_flash.o)
 .literal.__spi_flash_read
                0x00000000       0x10 D:/msys32/home/40806/esp/example/mqtt_no_ssl/build/bootloader/spi_flash\libspi_flash.a(spi_flash.o)
 .literal.spi_flash_write_status
                0x00000000        0xc D:/msys32/home/40806/esp/example/mqtt_no_ssl/build/bootloader/spi_flash\libspi_flash.a(spi_flash.o)
 .literal.spi_flash_check_wr_protect
                0x00000000       0x4c D:/msys32/home/40806/esp/example/mqtt_no_ssl/build/bootloader/spi_flash\libspi_flash.a(spi_flash.o)
 .literal.spi_flash_erase_sector
                0x00000000       0x18 D:/msys32/home/40806/esp/example/mqtt_no_ssl/build/bootloader/spi_flash\libspi_flash.a(spi_flash.o)
 .literal.spi_flash_read
                0x00000000       0x24 D:/msys32/home/40806/esp/example/mqtt_no_ssl/build/bootloader/spi_flash\libspi_flash.a(spi_flash.o)
 .literal.spi_flash_write
                0x00000000       0x3c D:/msys32/home/40806/esp/example/mqtt_no_ssl/build/bootloader/spi_flash\libspi_flash.a(spi_flash.o)
 .literal.spi_flash_erase_range
                0x00000000       0x10 D:/msys32/home/40806/esp/example/mqtt_no_ssl/build/bootloader/spi_flash\libspi_flash.a(spi_flash.o)
 .literal.spi_flash_cache2phys
                0x00000000       0x14 D:/msys32/home/40806/esp/example/mqtt_no_ssl/build/bootloader/spi_flash\libspi_flash.a(spi_flash.o)
 .text          0x00000000        0x0 D:/msys32/home/40806/esp/example/mqtt_no_ssl/build/bootloader/spi_flash\libspi_flash.a(spi_flash.o)
 .data          0x00000000        0x0 D:/msys32/home/40806/esp/example/mqtt_no_ssl/build/bootloader/spi_flash\libspi_flash.a(spi_flash.o)
 .bss           0x00000000        0x0 D:/msys32/home/40806/esp/example/mqtt_no_ssl/build/bootloader/spi_flash\libspi_flash.a(spi_flash.o)
 .text.spi_flash_program
                0x00000000       0xd3 D:/msys32/home/40806/esp/example/mqtt_no_ssl/build/bootloader/spi_flash\libspi_flash.a(spi_flash.o)
 .text.__spi_flash_write
                0x00000000       0x23 D:/msys32/home/40806/esp/example/mqtt_no_ssl/build/bootloader/spi_flash\libspi_flash.a(spi_flash.o)
 .text.__spi_flash_read
                0x00000000       0x35 D:/msys32/home/40806/esp/example/mqtt_no_ssl/build/bootloader/spi_flash\libspi_flash.a(spi_flash.o)
 .text.spi_flash_write_status
                0x00000000       0x2a D:/msys32/home/40806/esp/example/mqtt_no_ssl/build/bootloader/spi_flash\libspi_flash.a(spi_flash.o)
 .text.spi_flash_check_wr_protect
                0x00000000      0x161 D:/msys32/home/40806/esp/example/mqtt_no_ssl/build/bootloader/spi_flash\libspi_flash.a(spi_flash.o)
 .text.spi_flash_erase_sector
                0x00000000       0x5a D:/msys32/home/40806/esp/example/mqtt_no_ssl/build/bootloader/spi_flash\libspi_flash.a(spi_flash.o)
 .text.spi_flash_read
                0x00000000      0x10e D:/msys32/home/40806/esp/example/mqtt_no_ssl/build/bootloader/spi_flash\libspi_flash.a(spi_flash.o)
 .text.spi_flash_write
                0x00000000      0x188 D:/msys32/home/40806/esp/example/mqtt_no_ssl/build/bootloader/spi_flash\libspi_flash.a(spi_flash.o)
 .text.spi_flash_erase_range
                0x00000000       0x6f D:/msys32/home/40806/esp/example/mqtt_no_ssl/build/bootloader/spi_flash\libspi_flash.a(spi_flash.o)
 .text.spi_flash_cache2phys
                0x00000000       0x48 D:/msys32/home/40806/esp/example/mqtt_no_ssl/build/bootloader/spi_flash\libspi_flash.a(spi_flash.o)
 .xt.lit        0x00000000       0xc8 D:/msys32/home/40806/esp/example/mqtt_no_ssl/build/bootloader/spi_flash\libspi_flash.a(spi_flash.o)
 .xt.prop       0x00000000      0xbdc D:/msys32/home/40806/esp/example/mqtt_no_ssl/build/bootloader/spi_flash\libspi_flash.a(spi_flash.o)
 .literal.spi_flash_write_status_raw
                0x00000000       0x1c D:/msys32/home/40806/esp/example/mqtt_no_ssl/build/bootloader/spi_flash\libspi_flash.a(spi_flash_raw.o)
 .literal.spi_flash_erase_sector_raw
                0x00000000       0x14 D:/msys32/home/40806/esp/example/mqtt_no_ssl/build/bootloader/spi_flash\libspi_flash.a(spi_flash_raw.o)
 .literal.spi_flash_write_raw
                0x00000000        0xc D:/msys32/home/40806/esp/example/mqtt_no_ssl/build/bootloader/spi_flash\libspi_flash.a(spi_flash_raw.o)
 .literal.spi_flash_read_raw
                0x00000000        0xc D:/msys32/home/40806/esp/example/mqtt_no_ssl/build/bootloader/spi_flash\libspi_flash.a(spi_flash_raw.o)
 .text          0x00000000        0x0 D:/msys32/home/40806/esp/example/mqtt_no_ssl/build/bootloader/spi_flash\libspi_flash.a(spi_flash_raw.o)
 .data          0x00000000        0x0 D:/msys32/home/40806/esp/example/mqtt_no_ssl/build/bootloader/spi_flash\libspi_flash.a(spi_flash_raw.o)
 .bss           0x00000000        0x0 D:/msys32/home/40806/esp/example/mqtt_no_ssl/build/bootloader/spi_flash\libspi_flash.a(spi_flash_raw.o)
 .text.spi_flash_write_status_raw
                0x00000000       0x5e D:/msys32/home/40806/esp/example/mqtt_no_ssl/build/bootloader/spi_flash\libspi_flash.a(spi_flash_raw.o)
 .text.spi_flash_erase_sector_raw
                0x00000000       0x54 D:/msys32/home/40806/esp/example/mqtt_no_ssl/build/bootloader/spi_flash\libspi_flash.a(spi_flash_raw.o)
 .text.spi_flash_write_raw
                0x00000000       0x43 D:/msys32/home/40806/esp/example/mqtt_no_ssl/build/bootloader/spi_flash\libspi_flash.a(spi_flash_raw.o)
 .text.spi_flash_read_raw
                0x00000000       0x43 D:/msys32/home/40806/esp/example/mqtt_no_ssl/build/bootloader/spi_flash\libspi_flash.a(spi_flash_raw.o)
 .xt.lit        0x00000000       0x58 D:/msys32/home/40806/esp/example/mqtt_no_ssl/build/bootloader/spi_flash\libspi_flash.a(spi_flash_raw.o)
 .xt.prop       0x00000000      0x360 D:/msys32/home/40806/esp/example/mqtt_no_ssl/build/bootloader/spi_flash\libspi_flash.a(spi_flash_raw.o)
 .text          0x00000000        0x0 D:/msys32/home/40806/esp/example/mqtt_no_ssl/build/bootloader/log\liblog.a(log.o)
 .data          0x00000000        0x0 D:/msys32/home/40806/esp/example/mqtt_no_ssl/build/bootloader/log\liblog.a(log.o)
 .bss           0x00000000        0x0 D:/msys32/home/40806/esp/example/mqtt_no_ssl/build/bootloader/log\liblog.a(log.o)
 .xt.lit        0x00000000        0x8 D:/msys32/home/40806/esp/example/mqtt_no_ssl/build/bootloader/log\liblog.a(log.o)
 .xt.prop       0x00000000       0xb4 D:/msys32/home/40806/esp/example/mqtt_no_ssl/build/bootloader/log\liblog.a(log.o)
 .text          0x00000000        0x0 D:/msys32/home/40806/esp/example/mqtt_no_ssl/build/bootloader/esp8266\libesp8266.a(ets_printf.o)
 .data          0x00000000        0x0 D:/msys32/home/40806/esp/example/mqtt_no_ssl/build/bootloader/esp8266\libesp8266.a(ets_printf.o)
 .bss           0x00000000        0x0 D:/msys32/home/40806/esp/example/mqtt_no_ssl/build/bootloader/esp8266\libesp8266.a(ets_printf.o)
 .xt.lit        0x00000000       0x20 D:/msys32/home/40806/esp/example/mqtt_no_ssl/build/bootloader/esp8266\libesp8266.a(ets_printf.o)
 .xt.prop       0x00000000       0xd8 D:/msys32/home/40806/esp/example/mqtt_no_ssl/build/bootloader/esp8266\libesp8266.a(ets_printf.o)
 .literal.crc16_le
                0x00000000        0x4 D:/msys32/home/40806/esp/example/mqtt_no_ssl/build/bootloader/util\libutil.a(crc.o)
 .literal.esp_crc8
                0x00000000        0x4 D:/msys32/home/40806/esp/example/mqtt_no_ssl/build/bootloader/util\libutil.a(crc.o)
 .text          0x00000000        0x0 D:/msys32/home/40806/esp/example/mqtt_no_ssl/build/bootloader/util\libutil.a(crc.o)
 .data          0x00000000        0x0 D:/msys32/home/40806/esp/example/mqtt_no_ssl/build/bootloader/util\libutil.a(crc.o)
 .bss           0x00000000        0x0 D:/msys32/home/40806/esp/example/mqtt_no_ssl/build/bootloader/util\libutil.a(crc.o)
 .text.crc16_le
                0x00000000       0x36 D:/msys32/home/40806/esp/example/mqtt_no_ssl/build/bootloader/util\libutil.a(crc.o)
 .text.esp_crc8
                0x00000000       0x22 D:/msys32/home/40806/esp/example/mqtt_no_ssl/build/bootloader/util\libutil.a(crc.o)
 .rodata.crc8_le_table
                0x00000000      0x100 D:/msys32/home/40806/esp/example/mqtt_no_ssl/build/bootloader/util\libutil.a(crc.o)
 .rodata.crc16_le_table
                0x00000000      0x200 D:/msys32/home/40806/esp/example/mqtt_no_ssl/build/bootloader/util\libutil.a(crc.o)
 .xt.lit        0x00000000       0x18 D:/msys32/home/40806/esp/example/mqtt_no_ssl/build/bootloader/util\libutil.a(crc.o)
 .xt.prop       0x00000000       0xfc D:/msys32/home/40806/esp/example/mqtt_no_ssl/build/bootloader/util\libutil.a(crc.o)
 .literal.phy_reg_default
                0x00000000        0x0 D:/msys32/home/40806/esp/ESP8266_RTOS_SDK/components/esp8266/lib\libcore.a(phy.o)
 .text          0x00000000        0x0 D:/msys32/home/40806/esp/ESP8266_RTOS_SDK/components/esp8266/lib\libcore.a(phy.o)
 .data          0x00000000        0x0 D:/msys32/home/40806/esp/ESP8266_RTOS_SDK/components/esp8266/lib\libcore.a(phy.o)
 .bss           0x00000000        0x0 D:/msys32/home/40806/esp/ESP8266_RTOS_SDK/components/esp8266/lib\libcore.a(phy.o)
 .xt.lit        0x00000000        0x8 D:/msys32/home/40806/esp/ESP8266_RTOS_SDK/components/esp8266/lib\libcore.a(phy.o)
 .xt.prop       0x00000000       0x48 D:/msys32/home/40806/esp/ESP8266_RTOS_SDK/components/esp8266/lib\libcore.a(phy.o)
 .literal.uart_buff_switch
                0x00000000        0x0 D:/msys32/home/40806/esp/ESP8266_RTOS_SDK/components/esp8266/lib\libcore.a(uart.o)
 .literal.uart_div_modify
                0x00000000        0x0 D:/msys32/home/40806/esp/ESP8266_RTOS_SDK/components/esp8266/lib\libcore.a(uart.o)
 .literal.Uart_Init
                0x00000000        0x0 D:/msys32/home/40806/esp/ESP8266_RTOS_SDK/components/esp8266/lib\libcore.a(uart.o)
 .text          0x00000000        0x0 D:/msys32/home/40806/esp/ESP8266_RTOS_SDK/components/esp8266/lib\libcore.a(uart.o)
 .data          0x00000000        0x0 D:/msys32/home/40806/esp/ESP8266_RTOS_SDK/components/esp8266/lib\libcore.a(uart.o)
 .bss           0x00000000        0x0 D:/msys32/home/40806/esp/ESP8266_RTOS_SDK/components/esp8266/lib\libcore.a(uart.o)
 .text.uart_buff_switch
                0x00000000        0x2 D:/msys32/home/40806/esp/ESP8266_RTOS_SDK/components/esp8266/lib\libcore.a(uart.o)
 .text.Uart_Init
                0x00000000        0x2 D:/msys32/home/40806/esp/ESP8266_RTOS_SDK/components/esp8266/lib\libcore.a(uart.o)
 .xt.lit        0x00000000        0x8 D:/msys32/home/40806/esp/ESP8266_RTOS_SDK/components/esp8266/lib\libcore.a(uart.o)
 .xt.prop       0x00000000       0x78 D:/msys32/home/40806/esp/ESP8266_RTOS_SDK/components/esp8266/lib\libcore.a(uart.o)

Memory Configuration

Name             Origin             Length             Attributes
dport0_seg       0x3ff00000         0x00000010
dram_seg         0x3ffe8000         0x00017c00
iram_seg         0x40100000         0x00008000
*default*        0x00000000         0xffffffff

Linker script and memory map

START GROUP
LOAD D:/msys32/home/40806/esp/example/mqtt_no_ssl/build/bootloader/main\libmain.a
LOAD D:/msys32/home/40806/esp/ESP8266_RTOS_SDK/components/esp8266/lib\libcore.a
LOAD D:/msys32/home/40806/esp/example/mqtt_no_ssl/build/bootloader/bootloader_support\libbootloader_support.a
LOAD D:/msys32/home/40806/esp/example/mqtt_no_ssl/build/bootloader/spi_flash\libspi_flash.a
LOAD D:/msys32/home/40806/esp/example/mqtt_no_ssl/build/bootloader/log\liblog.a
LOAD D:/msys32/home/40806/esp/example/mqtt_no_ssl/build/bootloader/esp8266\libesp8266.a
LOAD D:/msys32/home/40806/esp/example/mqtt_no_ssl/build/bootloader/util\libutil.a
LOAD D:/msys32/home/40806/esp/ESP8266_RTOS_SDK/components/esp8266/lib\libgcc.a
LOAD d:/msys32/opt/xtensa-lx106-elf/bin/../xtensa-lx106-elf/sysroot/lib\libstdc++.a
LOAD d:/msys32/opt/xtensa-lx106-elf/bin/../lib/gcc/xtensa-lx106-elf/4.8.5\libgcov.a
END GROUP

.text           0x40100000     0x1c3a
                0x40100000                _stext = .
                0x40100000                _text_start = ABSOLUTE (.)
                0x40100000                . = ALIGN (0x10)
 *(.entry.text)
 *(.init.literal)
 *(.init)
 *(.literal .text .literal.* .text.* .stub .gnu.warning .gnu.linkonce.literal.* .gnu.linkonce.t.*.literal .gnu.linkonce.t.*)
 .literal.selected_boot_partition
                0x40100000        0x0 D:/msys32/home/40806/esp/example/mqtt_no_ssl/build/bootloader/main\libmain.a(bootloader_start.o)
                                  0x4 (size before relaxing)
 .literal.select_image
                0x40100000        0xc D:/msys32/home/40806/esp/example/mqtt_no_ssl/build/bootloader/main\libmain.a(bootloader_start.o)
                                 0x1c (size before relaxing)
 .literal.call_start_cpu
                0x4010000c        0x0 D:/msys32/home/40806/esp/example/mqtt_no_ssl/build/bootloader/main\libmain.a(bootloader_start.o)
                                  0xc (size before relaxing)
 .literal.log_invalid_app_partition
                0x4010000c       0x14 D:/msys32/home/40806/esp/example/mqtt_no_ssl/build/bootloader/bootloader_support\libbootloader_support.a(bootloader_utility.o)
                                 0x20 (size before relaxing)
 .literal.try_load_partition
                0x40100020        0x4 D:/msys32/home/40806/esp/example/mqtt_no_ssl/build/bootloader/bootloader_support\libbootloader_support.a(bootloader_utility.o)
                                 0x10 (size before relaxing)
 .literal.bootloader_utility_load_partition_table
                0x40100024       0x48 D:/msys32/home/40806/esp/example/mqtt_no_ssl/build/bootloader/bootloader_support\libbootloader_support.a(bootloader_utility.o)
                                 0x70 (size before relaxing)
 .literal.bootloader_utility_get_selected_boot_partition
                0x4010006c       0x1c D:/msys32/home/40806/esp/example/mqtt_no_ssl/build/bootloader/bootloader_support\libbootloader_support.a(bootloader_utility.o)
                                 0x5c (size before relaxing)
 .literal.bootloader_utility_load_boot_image
                0x40100088        0xc D:/msys32/home/40806/esp/example/mqtt_no_ssl/build/bootloader/bootloader_support\libbootloader_support.a(bootloader_utility.o)
                                 0x40 (size before relaxing)
 .literal.bootloader_utility_load_image
                0x40100094       0x14 D:/msys32/home/40806/esp/example/mqtt_no_ssl/build/bootloader/bootloader_support\libbootloader_support.a(bootloader_utility.o)
                                 0x1c (size before relaxing)
 .literal.print_flash_info
                0x401000a8       0x48 D:/msys32/home/40806/esp/example/mqtt_no_ssl/build/bootloader/bootloader_support\libbootloader_support.a(bootloader_init.o)
                                 0x54 (size before relaxing)
 .literal.uart_console_configure
                0x401000f0        0x0 D:/msys32/home/40806/esp/example/mqtt_no_ssl/build/bootloader/bootloader_support\libbootloader_support.a(bootloader_init.o)
                                  0x4 (size before relaxing)
 .literal.update_flash_config
                0x401000f0        0x4 D:/msys32/home/40806/esp/example/mqtt_no_ssl/build/bootloader/bootloader_support\libbootloader_support.a(bootloader_init.o)
                                  0x8 (size before relaxing)
 .literal.bootloader_main
                0x401000f4       0x10 D:/msys32/home/40806/esp/example/mqtt_no_ssl/build/bootloader/bootloader_support\libbootloader_support.a(bootloader_init.o)
                                 0x34 (size before relaxing)
 .literal.bootloader_init
                0x40100104        0x8 D:/msys32/home/40806/esp/example/mqtt_no_ssl/build/bootloader/bootloader_support\libbootloader_support.a(bootloader_init.o)
                                 0x10 (size before relaxing)
 .literal.bootloader_flash_read_no_decrypt
                0x4010010c        0x4 D:/msys32/home/40806/esp/example/mqtt_no_ssl/build/bootloader/bootloader_support\libbootloader_support.a(bootloader_flash.o)
 .literal.bootloader_mmap
                0x40100110       0x10 D:/msys32/home/40806/esp/example/mqtt_no_ssl/build/bootloader/bootloader_support\libbootloader_support.a(bootloader_flash.o)
                                 0x28 (size before relaxing)
 .literal.bootloader_munmap
                0x40100120        0x0 D:/msys32/home/40806/esp/example/mqtt_no_ssl/build/bootloader/bootloader_support\libbootloader_support.a(bootloader_flash.o)
                                  0x8 (size before relaxing)
 .literal.bootloader_flash_read
                0x40100120        0xc D:/msys32/home/40806/esp/example/mqtt_no_ssl/build/bootloader/bootloader_support\libbootloader_support.a(bootloader_flash.o)
                                 0x20 (size before relaxing)
 .literal.should_map
                0x4010012c        0x4 D:/msys32/home/40806/esp/example/mqtt_no_ssl/build/bootloader/bootloader_support\libbootloader_support.a(esp_image_format.o)
                                  0x8 (size before relaxing)
 .literal.should_load
                0x40100130        0x0 D:/msys32/home/40806/esp/example/mqtt_no_ssl/build/bootloader/bootloader_support\libbootloader_support.a(esp_image_format.o)
                                  0x4 (size before relaxing)
 .literal.verify_image_header
                0x40100130       0x14 D:/msys32/home/40806/esp/example/mqtt_no_ssl/build/bootloader/bootloader_support\libbootloader_support.a(esp_image_format.o)
                                 0x20 (size before relaxing)
 .literal.process_segment_data
                0x40100144        0x8 D:/msys32/home/40806/esp/example/mqtt_no_ssl/build/bootloader/bootloader_support\libbootloader_support.a(esp_image_format.o)
                                 0x14 (size before relaxing)
 .literal.verify_checksum
                0x4010014c        0x8 D:/msys32/home/40806/esp/example/mqtt_no_ssl/build/bootloader/bootloader_support\libbootloader_support.a(esp_image_format.o)
                                 0x1c (size before relaxing)
 .literal.process_segment
                0x40100154       0x18 D:/msys32/home/40806/esp/example/mqtt_no_ssl/build/bootloader/bootloader_support\libbootloader_support.a(esp_image_format.o)
                                 0x40 (size before relaxing)
 .literal.esp_image_load
                0x4010016c       0x14 D:/msys32/home/40806/esp/example/mqtt_no_ssl/build/bootloader/bootloader_support\libbootloader_support.a(esp_image_format.o)
                                 0x44 (size before relaxing)
 .literal.esp_partition_table_basic_verify
                0x40100180       0x1c D:/msys32/home/40806/esp/example/mqtt_no_ssl/build/bootloader/bootloader_support\libbootloader_support.a(flash_partitions.o)
                                 0x2c (size before relaxing)
 .literal.bootloader_common_ota_select_crc
                0x4010019c        0x0 D:/msys32/home/40806/esp/example/mqtt_no_ssl/build/bootloader/bootloader_support\libbootloader_support.a(bootloader_common.o)
                                  0x4 (size before relaxing)
 .literal.bootloader_common_ota_select_valid
                0x4010019c        0x0 D:/msys32/home/40806/esp/example/mqtt_no_ssl/build/bootloader/bootloader_support\libbootloader_support.a(bootloader_common.o)
                                  0x4 (size before relaxing)
 .literal.spi_user_cmd
                0x4010019c        0x4 D:/msys32/home/40806/esp/example/mqtt_no_ssl/build/bootloader/spi_flash\libspi_flash.a(spi_flash.o)
                                  0xc (size before relaxing)
 .literal.special_flash_read_status
                0x401001a0        0x0 D:/msys32/home/40806/esp/example/mqtt_no_ssl/build/bootloader/spi_flash\libspi_flash.a(spi_flash.o)
                                  0x4 (size before relaxing)
 .literal.flash_gd25q32c_read_status
                0x401001a0        0x0 D:/msys32/home/40806/esp/example/mqtt_no_ssl/build/bootloader/spi_flash\libspi_flash.a(spi_flash.o)
                                  0x4 (size before relaxing)
 .literal.special_flash_write_status
                0x401001a0        0x0 D:/msys32/home/40806/esp/example/mqtt_no_ssl/build/bootloader/spi_flash\libspi_flash.a(spi_flash.o)
                                  0x8 (size before relaxing)
 .literal.spi_flash_enable_qio_bit6
                0x401001a0        0x0 D:/msys32/home/40806/esp/example/mqtt_no_ssl/build/bootloader/spi_flash\libspi_flash.a(spi_flash.o)
                                  0x4 (size before relaxing)
 .literal.flash_gd25q32c_write_status
                0x401001a0        0x0 D:/msys32/home/40806/esp/example/mqtt_no_ssl/build/bootloader/spi_flash\libspi_flash.a(spi_flash.o)
                                  0x4 (size before relaxing)
 .literal.flash_gd25q32c_enable_QIO_mode
                0x401001a0        0x0 D:/msys32/home/40806/esp/example/mqtt_no_ssl/build/bootloader/spi_flash\libspi_flash.a(spi_flash.o)
                                  0xc (size before relaxing)
 .literal.en25q16x_read_sfdp
                0x401001a0        0x4 D:/msys32/home/40806/esp/example/mqtt_no_ssl/build/bootloader/spi_flash\libspi_flash.a(spi_flash.o)
                                  0x8 (size before relaxing)
 .literal.spi_flash_get_id
                0x401001a4        0x0 D:/msys32/home/40806/esp/example/mqtt_no_ssl/build/bootloader/spi_flash\libspi_flash.a(spi_flash.o)
                                  0xc (size before relaxing)
 .literal.spi_flash_read_status
                0x401001a4        0x0 D:/msys32/home/40806/esp/example/mqtt_no_ssl/build/bootloader/spi_flash\libspi_flash.a(spi_flash.o)
                                  0xc (size before relaxing)
 .literal.spi_flash_issi_enable_QIO_mode
                0x401001a4        0x0 D:/msys32/home/40806/esp/example/mqtt_no_ssl/build/bootloader/spi_flash\libspi_flash.a(spi_flash.o)
                                  0xc (size before relaxing)
 .literal.special_flash_set_mode
                0x401001a4        0x0 D:/msys32/home/40806/esp/example/mqtt_no_ssl/build/bootloader/spi_flash\libspi_flash.a(spi_flash.o)
                                  0x8 (size before relaxing)
 .literal.en25q16x_write_volatile_status
                0x401001a4        0x0 D:/msys32/home/40806/esp/example/mqtt_no_ssl/build/bootloader/spi_flash\libspi_flash.a(spi_flash.o)
                                 0x14 (size before relaxing)
 .literal.user_spi_flash_dio_to_qio_pre_init
                0x401001a4       0x10 D:/msys32/home/40806/esp/example/mqtt_no_ssl/build/bootloader/spi_flash\libspi_flash.a(spi_flash.o)
                                 0x34 (size before relaxing)
 .literal.esp_spi_flash_init
                0x401001b4       0x20 D:/msys32/home/40806/esp/example/mqtt_no_ssl/build/bootloader/spi_flash\libspi_flash.a(spi_flash.o)
                                 0x28 (size before relaxing)
 .literal.Cache_Read_Disable_2
                0x401001d4        0xc D:/msys32/home/40806/esp/example/mqtt_no_ssl/build/bootloader/spi_flash\libspi_flash.a(spi_flash_raw.o)
                                 0x10 (size before relaxing)
 .literal.Cache_Read_Enable_2
                0x401001e0        0x4 D:/msys32/home/40806/esp/example/mqtt_no_ssl/build/bootloader/spi_flash\libspi_flash.a(spi_flash_raw.o)
                                  0xc (size before relaxing)
 .literal.spi_flash_get_id_raw
                0x401001e4       0x10 D:/msys32/home/40806/esp/example/mqtt_no_ssl/build/bootloader/spi_flash\libspi_flash.a(spi_flash_raw.o)
                                 0x1c (size before relaxing)
 .literal.spi_flash_read_status_raw
                0x401001f4        0x4 D:/msys32/home/40806/esp/example/mqtt_no_ssl/build/bootloader/spi_flash\libspi_flash.a(spi_flash_raw.o)
                                  0xc (size before relaxing)
 .literal.spi_flash_enable_qmode_raw
                0x401001f8        0x4 D:/msys32/home/40806/esp/example/mqtt_no_ssl/build/bootloader/spi_flash\libspi_flash.a(spi_flash_raw.o)
                                 0x10 (size before relaxing)
 .literal.spi_user_cmd_raw
                0x401001fc       0x64 D:/msys32/home/40806/esp/example/mqtt_no_ssl/build/bootloader/spi_flash\libspi_flash.a(spi_flash_raw.o)
                                 0x8c (size before relaxing)
 .literal.spi_flash_switch_to_qio_raw
                0x40100260        0x8 D:/msys32/home/40806/esp/example/mqtt_no_ssl/build/bootloader/spi_flash\libspi_flash.a(spi_flash_raw.o)
                                  0xc (size before relaxing)
 .literal.uart_putc
                0x40100268        0xc D:/msys32/home/40806/esp/example/mqtt_no_ssl/build/bootloader/esp8266\libesp8266.a(ets_printf.o)
 .literal.ets_putc
                0x40100274        0x0 D:/msys32/home/40806/esp/example/mqtt_no_ssl/build/bootloader/esp8266\libesp8266.a(ets_printf.o)
                                  0x8 (size before relaxing)
 .literal.ets_vprintf
                0x40100274        0x8 D:/msys32/home/40806/esp/example/mqtt_no_ssl/build/bootloader/esp8266\libesp8266.a(ets_printf.o)
 .literal.ets_printf
                0x4010027c        0x0 D:/msys32/home/40806/esp/example/mqtt_no_ssl/build/bootloader/esp8266\libesp8266.a(ets_printf.o)
                                  0x4 (size before relaxing)
 .literal.crc32_le
                0x4010027c        0x4 D:/msys32/home/40806/esp/example/mqtt_no_ssl/build/bootloader/util\libutil.a(crc.o)
 .iram1.literal
                0x40100280       0x24 D:/msys32/home/40806/esp/example/mqtt_no_ssl/build/bootloader/log\liblog.a(log.o)
                                 0x38 (size before relaxing)
 .text.selected_boot_partition
                0x401002a4        0xf D:/msys32/home/40806/esp/example/mqtt_no_ssl/build/bootloader/main\libmain.a(bootloader_start.o)
                                 0x13 (size before relaxing)
 *fill*         0x401002b3        0x1 
 .text.select_image
                0x401002b4       0x68 D:/msys32/home/40806/esp/example/mqtt_no_ssl/build/bootloader/main\libmain.a(bootloader_start.o)
                                 0x70 (size before relaxing)
 .text.call_start_cpu
                0x4010031c       0x26 D:/msys32/home/40806/esp/example/mqtt_no_ssl/build/bootloader/main\libmain.a(bootloader_start.o)
                                 0x2e (size before relaxing)
                0x4010031c                call_start_cpu
 *fill*         0x40100342        0x2 
 .text.log_invalid_app_partition
                0x40100344       0x50 D:/msys32/home/40806/esp/example/mqtt_no_ssl/build/bootloader/bootloader_support\libbootloader_support.a(bootloader_utility.o)
 .text.try_load_partition
                0x40100394       0x3d D:/msys32/home/40806/esp/example/mqtt_no_ssl/build/bootloader/bootloader_support\libbootloader_support.a(bootloader_utility.o)
                                 0x41 (size before relaxing)
 *fill*         0x401003d1        0x3 
 .text.bootloader_utility_load_partition_table
                0x401003d4      0x16c D:/msys32/home/40806/esp/example/mqtt_no_ssl/build/bootloader/bootloader_support\libbootloader_support.a(bootloader_utility.o)
                                0x180 (size before relaxing)
                0x401003d4                bootloader_utility_load_partition_table
 .text.bootloader_utility_get_selected_boot_partition
                0x40100540      0x147 D:/msys32/home/40806/esp/example/mqtt_no_ssl/build/bootloader/bootloader_support\libbootloader_support.a(bootloader_utility.o)
                                0x157 (size before relaxing)
                0x40100540                bootloader_utility_get_selected_boot_partition
 *fill*         0x40100687        0x1 
 .text.bootloader_utility_load_boot_image
                0x40100688       0xd5 D:/msys32/home/40806/esp/example/mqtt_no_ssl/build/bootloader/bootloader_support\libbootloader_support.a(bootloader_utility.o)
                                 0xf9 (size before relaxing)
                0x40100688                bootloader_utility_load_boot_image
 *fill*         0x4010075d        0x3 
 .text.bootloader_utility_load_image
                0x40100760       0x69 D:/msys32/home/40806/esp/example/mqtt_no_ssl/build/bootloader/bootloader_support\libbootloader_support.a(bootloader_utility.o)
                0x40100760                bootloader_utility_load_image
 *fill*         0x401007c9        0x3 
 .text.print_flash_info
                0x401007cc       0xce D:/msys32/home/40806/esp/example/mqtt_no_ssl/build/bootloader/bootloader_support\libbootloader_support.a(bootloader_init.o)
                                 0xd2 (size before relaxing)
 *fill*         0x4010089a        0x2 
 .text.uart_console_configure
                0x4010089c       0x17 D:/msys32/home/40806/esp/example/mqtt_no_ssl/build/bootloader/bootloader_support\libbootloader_support.a(bootloader_init.o)
 *fill*         0x401008b3        0x1 
 .text.update_flash_config
                0x401008b4       0x21 D:/msys32/home/40806/esp/example/mqtt_no_ssl/build/bootloader/bootloader_support\libbootloader_support.a(bootloader_init.o)
                                 0x25 (size before relaxing)
 *fill*         0x401008d5        0x3 
 .text.bootloader_main
                0x401008d8       0x63 D:/msys32/home/40806/esp/example/mqtt_no_ssl/build/bootloader/bootloader_support\libbootloader_support.a(bootloader_init.o)
                                 0x77 (size before relaxing)
 *fill*         0x4010093b        0x1 
 .text.bootloader_init
                0x4010093c       0x2e D:/msys32/home/40806/esp/example/mqtt_no_ssl/build/bootloader/bootloader_support\libbootloader_support.a(bootloader_init.o)
                0x4010093c                bootloader_init
 *fill*         0x4010096a        0x2 
 .text.bootloader_flash_read_no_decrypt
                0x4010096c       0x15 D:/msys32/home/40806/esp/example/mqtt_no_ssl/build/bootloader/bootloader_support\libbootloader_support.a(bootloader_flash.o)
 *fill*         0x40100981        0x3 
 .text.bootloader_mmap
                0x40100984       0x63 D:/msys32/home/40806/esp/example/mqtt_no_ssl/build/bootloader/bootloader_support\libbootloader_support.a(bootloader_flash.o)
                                 0x67 (size before relaxing)
                0x40100984                bootloader_mmap
 *fill*         0x401009e7        0x1 
 .text.bootloader_munmap
                0x401009e8       0x23 D:/msys32/home/40806/esp/example/mqtt_no_ssl/build/bootloader/bootloader_support\libbootloader_support.a(bootloader_flash.o)
                0x401009e8                bootloader_munmap
 *fill*         0x40100a0b        0x1 
 .text.bootloader_flash_read
                0x40100a0c       0x68 D:/msys32/home/40806/esp/example/mqtt_no_ssl/build/bootloader/bootloader_support\libbootloader_support.a(bootloader_flash.o)
                0x40100a0c                bootloader_flash_read
 .text.should_map
                0x40100a74       0x15 D:/msys32/home/40806/esp/example/mqtt_no_ssl/build/bootloader/bootloader_support\libbootloader_support.a(esp_image_format.o)
 *fill*         0x40100a89        0x3 
 .text.should_load
                0x40100a8c       0x19 D:/msys32/home/40806/esp/example/mqtt_no_ssl/build/bootloader/bootloader_support\libbootloader_support.a(esp_image_format.o)
                                 0x1d (size before relaxing)
 *fill*         0x40100aa5        0x3 
 .text.verify_image_header
                0x40100aa8       0x7d D:/msys32/home/40806/esp/example/mqtt_no_ssl/build/bootloader/bootloader_support\libbootloader_support.a(esp_image_format.o)
                                 0x85 (size before relaxing)
 *fill*         0x40100b25        0x3 
 .text.process_segment_data
                0x40100b28       0x87 D:/msys32/home/40806/esp/example/mqtt_no_ssl/build/bootloader/bootloader_support\libbootloader_support.a(esp_image_format.o)
                                 0x8f (size before relaxing)
 *fill*         0x40100baf        0x1 
 .text.verify_checksum
                0x40100bb0       0x94 D:/msys32/home/40806/esp/example/mqtt_no_ssl/build/bootloader/bootloader_support\libbootloader_support.a(esp_image_format.o)
                                 0x9c (size before relaxing)
 .text.process_segment
                0x40100c44      0x115 D:/msys32/home/40806/esp/example/mqtt_no_ssl/build/bootloader/bootloader_support\libbootloader_support.a(esp_image_format.o)
                                0x125 (size before relaxing)
 *fill*         0x40100d59        0x3 
 .text.esp_image_load
                0x40100d5c      0x198 D:/msys32/home/40806/esp/example/mqtt_no_ssl/build/bootloader/bootloader_support\libbootloader_support.a(esp_image_format.o)
                                0x1a8 (size before relaxing)
                0x40100d5c                esp_image_load
 .text.esp_partition_table_basic_verify
                0x40100ef4       0xeb D:/msys32/home/40806/esp/example/mqtt_no_ssl/build/bootloader/bootloader_support\libbootloader_support.a(flash_partitions.o)
                                 0xef (size before relaxing)
                0x40100ef4                esp_partition_table_basic_verify
 *fill*         0x40100fdf        0x1 
 .text.bootloader_common_ota_select_crc
                0x40100fe0       0x18 D:/msys32/home/40806/esp/example/mqtt_no_ssl/build/bootloader/bootloader_support\libbootloader_support.a(bootloader_common.o)
                0x40100fe0                bootloader_common_ota_select_crc
 .text.bootloader_common_ota_select_valid
                0x40100ff8       0x2c D:/msys32/home/40806/esp/example/mqtt_no_ssl/build/bootloader/bootloader_support\libbootloader_support.a(bootloader_common.o)
                0x40100ff8                bootloader_common_ota_select_valid
 .text.spi_user_cmd
                0x40101024       0x4f D:/msys32/home/40806/esp/example/mqtt_no_ssl/build/bootloader/spi_flash\libspi_flash.a(spi_flash.o)
                0x40101024                spi_user_cmd
 *fill*         0x40101073        0x1 
 .text.special_flash_read_status
                0x40101074       0x39 D:/msys32/home/40806/esp/example/mqtt_no_ssl/build/bootloader/spi_flash\libspi_flash.a(spi_flash.o)
                                 0x3d (size before relaxing)
                0x40101074                special_flash_read_status
 *fill*         0x401010ad        0x3 
 .text.flash_gd25q32c_read_status
                0x401010b0       0x33 D:/msys32/home/40806/esp/example/mqtt_no_ssl/build/bootloader/spi_flash\libspi_flash.a(spi_flash.o)
 *fill*         0x401010e3        0x1 
 .text.special_flash_write_status
                0x401010e4       0x5c D:/msys32/home/40806/esp/example/mqtt_no_ssl/build/bootloader/spi_flash\libspi_flash.a(spi_flash.o)
                                 0x60 (size before relaxing)
                0x401010e4                special_flash_write_status
 .text.spi_flash_enable_qio_bit6
                0x40101140       0x17 D:/msys32/home/40806/esp/example/mqtt_no_ssl/build/bootloader/spi_flash\libspi_flash.a(spi_flash.o)
                                 0x1b (size before relaxing)
 *fill*         0x40101157        0x1 
 .text.flash_gd25q32c_write_status
                0x40101158       0x30 D:/msys32/home/40806/esp/example/mqtt_no_ssl/build/bootloader/spi_flash\libspi_flash.a(spi_flash.o)
 .text.flash_gd25q32c_enable_QIO_mode
                0x40101188       0x3e D:/msys32/home/40806/esp/example/mqtt_no_ssl/build/bootloader/spi_flash\libspi_flash.a(spi_flash.o)
                                 0x46 (size before relaxing)
 *fill*         0x401011c6        0x2 
 .text.en25q16x_read_sfdp
                0x401011c8       0x43 D:/msys32/home/40806/esp/example/mqtt_no_ssl/build/bootloader/spi_flash\libspi_flash.a(spi_flash.o)
                0x401011c8                en25q16x_read_sfdp
 *fill*         0x4010120b        0x1 
 .text.spi_flash_get_id
                0x4010120c       0x26 D:/msys32/home/40806/esp/example/mqtt_no_ssl/build/bootloader/spi_flash\libspi_flash.a(spi_flash.o)
                0x4010120c                spi_flash_get_id
 *fill*         0x40101232        0x2 
 .text.spi_flash_read_status
                0x40101234       0x28 D:/msys32/home/40806/esp/example/mqtt_no_ssl/build/bootloader/spi_flash\libspi_flash.a(spi_flash.o)
                0x40101234                spi_flash_read_status
 .text.spi_flash_issi_enable_QIO_mode
                0x4010125c       0x43 D:/msys32/home/40806/esp/example/mqtt_no_ssl/build/bootloader/spi_flash\libspi_flash.a(spi_flash.o)
                                 0x4b (size before relaxing)
 *fill*         0x4010129f        0x1 
 .text.special_flash_set_mode
                0x401012a0       0x41 D:/msys32/home/40806/esp/example/mqtt_no_ssl/build/bootloader/spi_flash\libspi_flash.a(spi_flash.o)
                                 0x45 (size before relaxing)
                0x401012a0                special_flash_set_mode
 *fill*         0x401012e1        0x3 
 .text.en25q16x_write_volatile_status
                0x401012e4       0x4f D:/msys32/home/40806/esp/example/mqtt_no_ssl/build/bootloader/spi_flash\libspi_flash.a(spi_flash.o)
                                 0x5b (size before relaxing)
                0x401012e4                en25q16x_write_volatile_status
 *fill*         0x40101333        0x1 
 .text.user_spi_flash_dio_to_qio_pre_init
                0x40101334       0xd1 D:/msys32/home/40806/esp/example/mqtt_no_ssl/build/bootloader/spi_flash\libspi_flash.a(spi_flash.o)
                                 0xd9 (size before relaxing)
                0x40101334                user_spi_flash_dio_to_qio_pre_init
 *fill*         0x40101405        0x3 
 .text.esp_spi_flash_init
                0x40101408       0xc1 D:/msys32/home/40806/esp/example/mqtt_no_ssl/build/bootloader/spi_flash\libspi_flash.a(spi_flash.o)
                                 0xc5 (size before relaxing)
                0x40101408                esp_spi_flash_init
 *fill*         0x401014c9        0x3 
 .text.Cache_Read_Disable_2
                0x401014cc       0x35 D:/msys32/home/40806/esp/example/mqtt_no_ssl/build/bootloader/spi_flash\libspi_flash.a(spi_flash_raw.o)
                0x401014cc                Cache_Read_Disable_2
 *fill*         0x40101501        0x3 
 .text.Cache_Read_Enable_2
                0x40101504       0x28 D:/msys32/home/40806/esp/example/mqtt_no_ssl/build/bootloader/spi_flash\libspi_flash.a(spi_flash_raw.o)
                0x40101504                Cache_Read_Enable_2
                0x40101504                Cache_Read_Enable_New
 .text.spi_flash_get_id_raw
                0x4010152c       0x57 D:/msys32/home/40806/esp/example/mqtt_no_ssl/build/bootloader/spi_flash\libspi_flash.a(spi_flash_raw.o)
                0x4010152c                spi_flash_get_id_raw
 *fill*         0x40101583        0x1 
 .text.spi_flash_read_status_raw
                0x40101584       0x2f D:/msys32/home/40806/esp/example/mqtt_no_ssl/build/bootloader/spi_flash\libspi_flash.a(spi_flash_raw.o)
                                 0x33 (size before relaxing)
                0x40101584                spi_flash_read_status_raw
 *fill*         0x401015b3        0x1 
 .text.spi_flash_enable_qmode_raw
                0x401015b4       0x33 D:/msys32/home/40806/esp/example/mqtt_no_ssl/build/bootloader/spi_flash\libspi_flash.a(spi_flash_raw.o)
                                 0x37 (size before relaxing)
                0x401015b4                spi_flash_enable_qmode_raw
 *fill*         0x401015e7        0x1 
 .text.spi_user_cmd_raw
                0x401015e8      0x3dc D:/msys32/home/40806/esp/example/mqtt_no_ssl/build/bootloader/spi_flash\libspi_flash.a(spi_flash_raw.o)
                0x401015e8                spi_user_cmd_raw
 .text.spi_flash_switch_to_qio_raw
                0x401019c4       0x25 D:/msys32/home/40806/esp/example/mqtt_no_ssl/build/bootloader/spi_flash\libspi_flash.a(spi_flash_raw.o)
                0x401019c4                spi_flash_switch_to_qio_raw
 *fill*         0x401019e9        0x3 
 .text.uart_putc
                0x401019ec       0x21 D:/msys32/home/40806/esp/example/mqtt_no_ssl/build/bootloader/esp8266\libesp8266.a(ets_printf.o)
 *fill*         0x40101a0d        0x3 
 .text.ets_putc
                0x40101a10       0x27 D:/msys32/home/40806/esp/example/mqtt_no_ssl/build/bootloader/esp8266\libesp8266.a(ets_printf.o)
                0x40101a10                ets_putc
 *fill*         0x40101a37        0x1 
 .text.ets_vprintf
                0x40101a38       0x23 D:/msys32/home/40806/esp/example/mqtt_no_ssl/build/bootloader/esp8266\libesp8266.a(ets_printf.o)
                0x40101a38                ets_vprintf
 *fill*         0x40101a5b        0x1 
 .text.ets_printf
                0x40101a5c       0x27 D:/msys32/home/40806/esp/example/mqtt_no_ssl/build/bootloader/esp8266\libesp8266.a(ets_printf.o)
                                 0x2b (size before relaxing)
                0x40101a5c                ets_printf
 *fill*         0x40101a83        0x1 
 .text.crc32_le
                0x40101a84       0x2f D:/msys32/home/40806/esp/example/mqtt_no_ssl/build/bootloader/util\libutil.a(crc.o)
                0x40101a84                crc32_le
 *fill*         0x40101ab3        0x1 
 .text.phy_reg_default
                0x40101ab4       0x36 D:/msys32/home/40806/esp/ESP8266_RTOS_SDK/components/esp8266/lib\libcore.a(phy.o)
                0x40101ac4                phy_reg_default
 *fill*         0x40101aea        0x2 
 .text.uart_div_modify
                0x40101aec       0x50 D:/msys32/home/40806/esp/ESP8266_RTOS_SDK/components/esp8266/lib\libcore.a(uart.o)
                0x40101afc                uart_div_modify
 *fill*         0x40101b3c        0x0 
 *fill*         0x40101b3c        0x0 
 .text.index_to_partition
                0x40101b3c       0x4b D:/msys32/home/40806/esp/example/mqtt_no_ssl/build/bootloader/bootloader_support\libbootloader_support.a(bootloader_utility.o)
 *fill*         0x40101b87        0x0 
 *fill*         0x40101b87        0x0 
 *fill*         0x40101b87        0x0 
 *fill*         0x40101b87        0x0 
 *fill*         0x40101b87        0x0 
 *fill*         0x40101b87        0x0 
 *fill*         0x40101b87        0x0 
 *fill*         0x40101b87        0x0 
 *fill*         0x40101b87        0x0 
 *fill*         0x40101b87        0x0 
 *fill*         0x40101b87        0x0 
 *fill*         0x40101b87        0x0 
 *fill*         0x40101b87        0x1 
 .text.verify_segment_header
                0x40101b88        0x4 D:/msys32/home/40806/esp/example/mqtt_no_ssl/build/bootloader/bootloader_support\libbootloader_support.a(esp_image_format.o)
 *fill*         0x40101b8c        0x0 
 *fill*         0x40101b8c        0x0 
 *fill*         0x40101b8c        0x0 
 *fill*         0x40101b8c        0x0 
 *fill*         0x40101b8c        0x0 
 *fill*         0x40101b8c        0x0 
 *fill*         0x40101b8c        0x0 
 *fill*         0x40101b8c        0x0 
 *fill*         0x40101b8c        0x0 
 *fill*         0x40101b8c        0x0 
 *fill*         0x40101b8c        0x0 
 *fill*         0x40101b8c        0x0 
 *fill*         0x40101b8c        0x0 
 *fill*         0x40101b8c        0x0 
 *fill*         0x40101b8c        0x0 
 *fill*         0x40101b8c        0x0 
 *fill*         0x40101b8c        0x0 
 *fill*         0x40101b8c        0x0 
 *fill*         0x40101b8c        0x0 
 *fill*         0x40101b8c        0x0 
 *fill*         0x40101b8c        0x0 
 *fill*         0x40101b8c        0x0 
 *fill*         0x40101b8c        0x0 
 *fill*         0x40101b8c        0x0 
 *fill*         0x40101b8c        0x0 
 *fill*         0x40101b8c        0x0 
 *fill*         0x40101b8c        0x0 
 *fill*         0x40101b8c        0x0 
 *fill*         0x40101b8c        0x0 
 *(.iram1 .iram1.*)
 .iram1         0x40101b8c       0xae D:/msys32/home/40806/esp/example/mqtt_no_ssl/build/bootloader/log\liblog.a(log.o)
                                 0xb8 (size before relaxing)
                0x40101b8c                esp_log_early_timestamp
                0x40101ba8                esp_early_log_write
 *(.fini.literal)
 *(.fini)
 *(.gnu.version)
                0x40101c3a                _text_end = ABSOLUTE (.)
                0x40101c3a                _etext = .

.bss            0x3ffe8000      0x408
                0x3ffe8000                . = ALIGN (0x8)
                0x3ffe8000                _bss_start = ABSOLUTE (.)
 *(.dynsbss)
 *(.sbss)
 *(.sbss.*)
 *(.gnu.linkonce.sb.*)
 *(.scommon)
 *(.sbss2)
 *(.sbss2.*)
 *(.gnu.linkonce.sb2.*)
 *(.dynbss)
 *(.bss)
 *(.bss.*)
 .bss.mapped    0x3ffe8000        0x1 D:/msys32/home/40806/esp/example/mqtt_no_ssl/build/bootloader/bootloader_support\libbootloader_support.a(bootloader_flash.o)
 *fill*         0x3ffe8001        0x3 
 .bss.pbuf$3126
                0x3ffe8004      0x400 D:/msys32/home/40806/esp/example/mqtt_no_ssl/build/bootloader/bootloader_support\libbootloader_support.a(esp_image_format.o)
 .bss.FlashIsOnGoing
                0x3ffe8404        0x1 D:/msys32/home/40806/esp/example/mqtt_no_ssl/build/bootloader/spi_flash\libspi_flash.a(spi_flash.o)
                0x3ffe8404                FlashIsOnGoing
 *(.gnu.linkonce.b.*)
 *(COMMON)
                0x3ffe8408                . = ALIGN (0x8)
 *fill*         0x3ffe8405        0x3 
                0x3ffe8408                _bss_end = ABSOLUTE (.)

.data           0x3ffe8408       0x18
                0x3ffe8408                _data_start = ABSOLUTE (.)
 *(.data)
 *(.data.*)
 .data.flashchip
                0x3ffe8408       0x18 D:/msys32/home/40806/esp/example/mqtt_no_ssl/build/bootloader/spi_flash\libspi_flash.a(spi_flash.o)
                0x3ffe8408                flashchip
 *(.gnu.linkonce.d.*)
 *(.data1)
 *(.sdata)
 *(.sdata.*)
 *(.gnu.linkonce.s.*)
 *(.sdata2)
 *(.sdata2.*)
 *(.gnu.linkonce.s2.*)
 *(.jcr)
                0x3ffe8420                _data_end = ABSOLUTE (.)

.rodata         0x3ffe8420      0xdd4
                0x3ffe8420                _rodata_start = ABSOLUTE (.)
 *(.rodata)
 *(.rodata.*)
 .rodata.str1.4
                0x3ffe8420       0x24 D:/msys32/home/40806/esp/example/mqtt_no_ssl/build/bootloader/main\libmain.a(bootloader_start.o)
 .rodata.str1.4
                0x3ffe8444      0x38a D:/msys32/home/40806/esp/example/mqtt_no_ssl/build/bootloader/bootloader_support\libbootloader_support.a(bootloader_utility.o)
                                0x392 (size before relaxing)
 *fill*         0x3ffe87ce        0x2 
 .rodata.str1.4
                0x3ffe87d0       0xf2 D:/msys32/home/40806/esp/example/mqtt_no_ssl/build/bootloader/bootloader_support\libbootloader_support.a(bootloader_init.o)
                                 0xfe (size before relaxing)
 *fill*         0x3ffe88c2        0x2 
 .rodata.print_flash_info
                0x3ffe88c4       0x28 D:/msys32/home/40806/esp/example/mqtt_no_ssl/build/bootloader/bootloader_support\libbootloader_support.a(bootloader_init.o)
 .rodata.str1.4
                0x3ffe88ec      0x17b D:/msys32/home/40806/esp/example/mqtt_no_ssl/build/bootloader/bootloader_support\libbootloader_support.a(bootloader_flash.o)
 *fill*         0x3ffe8a67        0x1 
 .rodata.str1.4
                0x3ffe8a68      0x26b D:/msys32/home/40806/esp/example/mqtt_no_ssl/build/bootloader/bootloader_support\libbootloader_support.a(esp_image_format.o)
                                0x26f (size before relaxing)
 *fill*         0x3ffe8cd3        0x1 
 .rodata.str1.4
                0x3ffe8cd4       0xb4 D:/msys32/home/40806/esp/example/mqtt_no_ssl/build/bootloader/bootloader_support\libbootloader_support.a(flash_partitions.o)
 .rodata.str1.4
                0x3ffe8d88       0x2c D:/msys32/home/40806/esp/example/mqtt_no_ssl/build/bootloader/spi_flash\libspi_flash.a(spi_flash.o)
 .rodata.str1.4
                0x3ffe8db4       0x20 D:/msys32/home/40806/esp/example/mqtt_no_ssl/build/bootloader/log\liblog.a(log.o)
                                 0x22 (size before relaxing)
 .rodata.s_log_prefix
                0x3ffe8dd4        0x6 D:/msys32/home/40806/esp/example/mqtt_no_ssl/build/bootloader/log\liblog.a(log.o)
 *fill*         0x3ffe8dda        0x2 
 .rodata.s_log_color
                0x3ffe8ddc       0x18 D:/msys32/home/40806/esp/example/mqtt_no_ssl/build/bootloader/log\liblog.a(log.o)
 .rodata.crc32_le_table
                0x3ffe8df4      0x400 D:/msys32/home/40806/esp/example/mqtt_no_ssl/build/bootloader/util\libutil.a(crc.o)
 *(.gnu.linkonce.r.*)
 *(.rodata1)
                0x3ffe91f4                __XT_EXCEPTION_TABLE_ = ABSOLUTE (.)
 *(.xt_except_table)
 *(.gcc_except_table)
 *(.gnu.linkonce.e.*)
 *(.gnu.version_r)
 *(.eh_frame)
                0x3ffe91f4                . = ((. + 0x3) & 0xfffffffc)
                0x3ffe91f4                __init_array_start = ABSOLUTE (.)
 *crtbegin.o(.ctors)
 *(EXCLUDE_FILE(*crtend.o) .ctors)
 *(SORT(.ctors.*))
 *(.ctors)
                0x3ffe91f4                __init_array_end = ABSOLUTE (.)
 *crtbegin.o(.dtors)
 *(EXCLUDE_FILE(*crtend.o) .dtors)
 *(SORT(.dtors.*))
 *(.dtors)
                0x3ffe91f4                __XT_EXCEPTION_DESCS_ = ABSOLUTE (.)
 *(.xt_except_desc)
 *(.gnu.linkonce.h.*)
                0x3ffe91f4                __XT_EXCEPTION_DESCS_END__ = ABSOLUTE (.)
 *(.xt_except_desc_end)
 *(.dynamic)
 *(.gnu.version_d)
                0x3ffe91f4                _rodata_end = ABSOLUTE (.)
                0x3ffe91f4                _lit4_start = ABSOLUTE (.)
 *(*.lit4)
 *(.lit4.*)
 *(.gnu.linkonce.lit4.*)
                0x3ffe91f4                _lit4_end = ABSOLUTE (.)
                0x3ffe91f4                . = ALIGN (0x4)
                0x3ffe91f4                _heap_start = ABSOLUTE (.)
                0x400040c0                PROVIDE (SPI_sector_erase, 0x400040c0)
                0x40004174                PROVIDE (SPI_page_program, 0x40004174)
                0x400042ac                PROVIDE (SPI_read_data, 0x400042ac)
                0x400043c8                PROVIDE (SPI_read_status, 0x400043c8)
                0x40004400                PROVIDE (SPI_write_status, 0x40004400)
                0x4000443c                PROVIDE (SPI_write_enable, 0x4000443c)
                0x4000448c                PROVIDE (Wait_SPI_Idle, 0x4000448c)
                0x400044c0                PROVIDE (Enable_QMode, 0x400044c0)
                [!provide]                PROVIDE (Disable_QMode, 0x40004508)
                0x40004678                PROVIDE (Cache_Read_Enable, 0x40004678)
                0x400047f0                PROVIDE (Cache_Read_Disable, 0x400047f0)
                [!provide]                PROVIDE (lldesc_build_chain, 0x40004f40)
                [!provide]                PROVIDE (lldesc_num2link, 0x40005050)
                [!provide]                PROVIDE (lldesc_set_owner, 0x4000507c)
                [!provide]                PROVIDE (__adddf3, 0x4000c538)
                [!provide]                PROVIDE (__addsf3, 0x4000c180)
                [!provide]                PROVIDE (__divdf3, 0x4000cb94)
                [!provide]                PROVIDE (__divdi3, 0x4000ce60)
                [!provide]                PROVIDE (__divsi3, 0x4000dc88)
                [!provide]                PROVIDE (__extendsfdf2, 0x4000cdfc)
                [!provide]                PROVIDE (__fixdfsi, 0x4000ccb8)
                [!provide]                PROVIDE (__fixunsdfsi, 0x4000cd00)
                [!provide]                PROVIDE (__fixunssfsi, 0x4000c4c4)
                [!provide]                PROVIDE (__floatsidf, 0x4000e2f0)
                [!provide]                PROVIDE (__floatsisf, 0x4000e2ac)
                [!provide]                PROVIDE (__floatunsidf, 0x4000e2e8)
                [!provide]                PROVIDE (__floatunsisf, 0x4000e2a4)
                [!provide]                PROVIDE (__muldf3, 0x4000c8f0)
                [!provide]                PROVIDE (__muldi3, 0x40000650)
                [!provide]                PROVIDE (__mulsf3, 0x4000c3dc)
                [!provide]                PROVIDE (__subdf3, 0x4000c688)
                [!provide]                PROVIDE (__subsf3, 0x4000c268)
                [!provide]                PROVIDE (__truncdfsf2, 0x4000cd5c)
                [!provide]                PROVIDE (__udivdi3, 0x4000d310)
                0x4000e21c                PROVIDE (__udivsi3, 0x4000e21c)
                [!provide]                PROVIDE (__umoddi3, 0x4000d770)
                0x4000e268                PROVIDE (__umodsi3, 0x4000e268)
                [!provide]                PROVIDE (__umulsidi3, 0x4000dcf0)
                [!provide]                PROVIDE (bzero, 0x4000de84)
                [!provide]                PROVIDE (memcmp, 0x4000dea8)
                0x4000df48                PROVIDE (memcpy, 0x4000df48)
                [!provide]                PROVIDE (memmove, 0x4000e04c)
                0x4000e190                PROVIDE (memset, 0x4000e190)
                [!provide]                PROVIDE (strcmp, 0x4000bdc8)
                [!provide]                PROVIDE (strcpy, 0x4000bec8)
                [!provide]                PROVIDE (strlen, 0x4000bf4c)
                [!provide]                PROVIDE (strncmp, 0x4000bfa8)
                [!provide]                PROVIDE (strncpy, 0x4000c0a0)
                [!provide]                PROVIDE (strstr, 0x4000e1e0)
                0x40004cf0                PROVIDE (gpio_input_get, 0x40004cf0)
                [!provide]                PROVIDE (gpio_pin_wakeup_disable, 0x40004ed4)
                [!provide]                PROVIDE (gpio_pin_wakeup_enable, 0x40004e90)
                0x40001f00                PROVIDE (ets_io_vprintf, 0x40001f00)
                [!provide]                PROVIDE (ets_memcpy, 0x400018b4)
                0x40004b1c                PROVIDE (SPIRead, 0x40004b1c)
                0x40004a4c                PROVIDE (SPIWrite, 0x40004a4c)
                0x40004a00                PROVIDE (SPIEraseSector, 0x40004a00)
                [!provide]                PROVIDE (gpio_input_get, 0x40004cf0)
                0x4000dd38                PROVIDE (xthal_get_ccount, 0x4000dd38)
                [!provide]                PROVIDE (uart_div_modify, 0x400039d8)
                [!provide]                PROVIDE (ets_io_vprintf, 0x40001f00)
OUTPUT(D:/msys32/home/40806/esp/example/mqtt_no_ssl/build/bootloader/bootloader.elf elf32-xtensa-le)

.debug_frame    0x00000000      0xab0
 .debug_frame   0x00000000       0x74 D:/msys32/home/40806/esp/example/mqtt_no_ssl/build/bootloader/main\libmain.a(bootloader_start.o)
 .debug_frame   0x00000074      0x100 D:/msys32/home/40806/esp/example/mqtt_no_ssl/build/bootloader/bootloader_support\libbootloader_support.a(bootloader_utility.o)
 .debug_frame   0x00000174       0xb0 D:/msys32/home/40806/esp/example/mqtt_no_ssl/build/bootloader/bootloader_support\libbootloader_support.a(bootloader_init.o)
 .debug_frame   0x00000224       0xd8 D:/msys32/home/40806/esp/example/mqtt_no_ssl/build/bootloader/bootloader_support\libbootloader_support.a(bootloader_flash.o)
 .debug_frame   0x000002fc      0x13c D:/msys32/home/40806/esp/example/mqtt_no_ssl/build/bootloader/bootloader_support\libbootloader_support.a(esp_image_format.o)
 .debug_frame   0x00000438       0x38 D:/msys32/home/40806/esp/example/mqtt_no_ssl/build/bootloader/bootloader_support\libbootloader_support.a(flash_partitions.o)
 .debug_frame   0x00000470       0x78 D:/msys32/home/40806/esp/example/mqtt_no_ssl/build/bootloader/bootloader_support\libbootloader_support.a(bootloader_common.o)
 .debug_frame   0x000004e8      0x344 D:/msys32/home/40806/esp/example/mqtt_no_ssl/build/bootloader/spi_flash\libspi_flash.a(spi_flash.o)
 .debug_frame   0x0000082c      0x16c D:/msys32/home/40806/esp/example/mqtt_no_ssl/build/bootloader/spi_flash\libspi_flash.a(spi_flash_raw.o)
 .debug_frame   0x00000998       0x58 D:/msys32/home/40806/esp/example/mqtt_no_ssl/build/bootloader/log\liblog.a(log.o)
 .debug_frame   0x000009f0       0x80 D:/msys32/home/40806/esp/example/mqtt_no_ssl/build/bootloader/esp8266\libesp8266.a(ets_printf.o)
 .debug_frame   0x00000a70       0x40 D:/msys32/home/40806/esp/example/mqtt_no_ssl/build/bootloader/util\libutil.a(crc.o)

.debug_info     0x00000000     0x52ea
 .debug_info    0x00000000      0x4fc D:/msys32/home/40806/esp/example/mqtt_no_ssl/build/bootloader/main\libmain.a(bootloader_start.o)
 .debug_info    0x000004fc      0xd3c D:/msys32/home/40806/esp/example/mqtt_no_ssl/build/bootloader/bootloader_support\libbootloader_support.a(bootloader_utility.o)
 .debug_info    0x00001238      0x52b D:/msys32/home/40806/esp/example/mqtt_no_ssl/build/bootloader/bootloader_support\libbootloader_support.a(bootloader_init.o)
 .debug_info    0x00001763      0x575 D:/msys32/home/40806/esp/example/mqtt_no_ssl/build/bootloader/bootloader_support\libbootloader_support.a(bootloader_flash.o)
 .debug_info    0x00001cd8      0xce5 D:/msys32/home/40806/esp/example/mqtt_no_ssl/build/bootloader/bootloader_support\libbootloader_support.a(esp_image_format.o)
 .debug_info    0x000029bd      0x3d1 D:/msys32/home/40806/esp/example/mqtt_no_ssl/build/bootloader/bootloader_support\libbootloader_support.a(flash_partitions.o)
 .debug_info    0x00002d8e      0x325 D:/msys32/home/40806/esp/example/mqtt_no_ssl/build/bootloader/bootloader_support\libbootloader_support.a(bootloader_common.o)
 .debug_info    0x000030b3     0x13b0 D:/msys32/home/40806/esp/example/mqtt_no_ssl/build/bootloader/spi_flash\libspi_flash.a(spi_flash.o)
 .debug_info    0x00004463      0x7a1 D:/msys32/home/40806/esp/example/mqtt_no_ssl/build/bootloader/spi_flash\libspi_flash.a(spi_flash_raw.o)
 .debug_info    0x00004c04      0x2c7 D:/msys32/home/40806/esp/example/mqtt_no_ssl/build/bootloader/log\liblog.a(log.o)
 .debug_info    0x00004ecb      0x239 D:/msys32/home/40806/esp/example/mqtt_no_ssl/build/bootloader/esp8266\libesp8266.a(ets_printf.o)
 .debug_info    0x00005104      0x1e6 D:/msys32/home/40806/esp/example/mqtt_no_ssl/build/bootloader/util\libutil.a(crc.o)

.debug_abbrev   0x00000000     0x1612
 .debug_abbrev  0x00000000      0x1dc D:/msys32/home/40806/esp/example/mqtt_no_ssl/build/bootloader/main\libmain.a(bootloader_start.o)
 .debug_abbrev  0x000001dc      0x279 D:/msys32/home/40806/esp/example/mqtt_no_ssl/build/bootloader/bootloader_support\libbootloader_support.a(bootloader_utility.o)
 .debug_abbrev  0x00000455      0x1e4 D:/msys32/home/40806/esp/example/mqtt_no_ssl/build/bootloader/bootloader_support\libbootloader_support.a(bootloader_init.o)
 .debug_abbrev  0x00000639      0x1d2 D:/msys32/home/40806/esp/example/mqtt_no_ssl/build/bootloader/bootloader_support\libbootloader_support.a(bootloader_flash.o)
 .debug_abbrev  0x0000080b      0x20b D:/msys32/home/40806/esp/example/mqtt_no_ssl/build/bootloader/bootloader_support\libbootloader_support.a(esp_image_format.o)
 .debug_abbrev  0x00000a16      0x199 D:/msys32/home/40806/esp/example/mqtt_no_ssl/build/bootloader/bootloader_support\libbootloader_support.a(flash_partitions.o)
 .debug_abbrev  0x00000baf      0x1b4 D:/msys32/home/40806/esp/example/mqtt_no_ssl/build/bootloader/bootloader_support\libbootloader_support.a(bootloader_common.o)
 .debug_abbrev  0x00000d63      0x331 D:/msys32/home/40806/esp/example/mqtt_no_ssl/build/bootloader/spi_flash\libspi_flash.a(spi_flash.o)
 .debug_abbrev  0x00001094      0x1ca D:/msys32/home/40806/esp/example/mqtt_no_ssl/build/bootloader/spi_flash\libspi_flash.a(spi_flash_raw.o)
 .debug_abbrev  0x0000125e      0x198 D:/msys32/home/40806/esp/example/mqtt_no_ssl/build/bootloader/log\liblog.a(log.o)
 .debug_abbrev  0x000013f6      0x16d D:/msys32/home/40806/esp/example/mqtt_no_ssl/build/bootloader/esp8266\libesp8266.a(ets_printf.o)
 .debug_abbrev  0x00001563       0xaf D:/msys32/home/40806/esp/example/mqtt_no_ssl/build/bootloader/util\libutil.a(crc.o)

.debug_loc      0x00000000     0x31d5
 .debug_loc     0x00000000       0x76 D:/msys32/home/40806/esp/example/mqtt_no_ssl/build/bootloader/main\libmain.a(bootloader_start.o)
 .debug_loc     0x00000076      0x58e D:/msys32/home/40806/esp/example/mqtt_no_ssl/build/bootloader/bootloader_support\libbootloader_support.a(bootloader_utility.o)
 .debug_loc     0x00000604      0x101 D:/msys32/home/40806/esp/example/mqtt_no_ssl/build/bootloader/bootloader_support\libbootloader_support.a(bootloader_init.o)
 .debug_loc     0x00000705      0x367 D:/msys32/home/40806/esp/example/mqtt_no_ssl/build/bootloader/bootloader_support\libbootloader_support.a(bootloader_flash.o)
 .debug_loc     0x00000a6c      0xa64 D:/msys32/home/40806/esp/example/mqtt_no_ssl/build/bootloader/bootloader_support\libbootloader_support.a(esp_image_format.o)
 .debug_loc     0x000014d0      0x107 D:/msys32/home/40806/esp/example/mqtt_no_ssl/build/bootloader/bootloader_support\libbootloader_support.a(flash_partitions.o)
 .debug_loc     0x000015d7      0x3a1 D:/msys32/home/40806/esp/example/mqtt_no_ssl/build/bootloader/bootloader_support\libbootloader_support.a(bootloader_common.o)
 .debug_loc     0x00001978     0x1021 D:/msys32/home/40806/esp/example/mqtt_no_ssl/build/bootloader/spi_flash\libspi_flash.a(spi_flash.o)
 .debug_loc     0x00002999      0x587 D:/msys32/home/40806/esp/example/mqtt_no_ssl/build/bootloader/spi_flash\libspi_flash.a(spi_flash_raw.o)
 .debug_loc     0x00002f20       0xce D:/msys32/home/40806/esp/example/mqtt_no_ssl/build/bootloader/log\liblog.a(log.o)
 .debug_loc     0x00002fee       0x89 D:/msys32/home/40806/esp/example/mqtt_no_ssl/build/bootloader/esp8266\libesp8266.a(ets_printf.o)
 .debug_loc     0x00003077      0x15e D:/msys32/home/40806/esp/example/mqtt_no_ssl/build/bootloader/util\libutil.a(crc.o)

.debug_aranges  0x00000000      0x398
 .debug_aranges
                0x00000000       0x30 D:/msys32/home/40806/esp/example/mqtt_no_ssl/build/bootloader/main\libmain.a(bootloader_start.o)
 .debug_aranges
                0x00000030       0x50 D:/msys32/home/40806/esp/example/mqtt_no_ssl/build/bootloader/bootloader_support\libbootloader_support.a(bootloader_utility.o)
 .debug_aranges
                0x00000080       0x40 D:/msys32/home/40806/esp/example/mqtt_no_ssl/build/bootloader/bootloader_support\libbootloader_support.a(bootloader_init.o)
 .debug_aranges
                0x000000c0       0x48 D:/msys32/home/40806/esp/example/mqtt_no_ssl/build/bootloader/bootloader_support\libbootloader_support.a(bootloader_flash.o)
 .debug_aranges
                0x00000108       0x60 D:/msys32/home/40806/esp/example/mqtt_no_ssl/build/bootloader/bootloader_support\libbootloader_support.a(esp_image_format.o)
 .debug_aranges
                0x00000168       0x20 D:/msys32/home/40806/esp/example/mqtt_no_ssl/build/bootloader/bootloader_support\libbootloader_support.a(flash_partitions.o)
 .debug_aranges
                0x00000188       0x30 D:/msys32/home/40806/esp/example/mqtt_no_ssl/build/bootloader/bootloader_support\libbootloader_support.a(bootloader_common.o)
 .debug_aranges
                0x000001b8       0xe0 D:/msys32/home/40806/esp/example/mqtt_no_ssl/build/bootloader/spi_flash\libspi_flash.a(spi_flash.o)
 .debug_aranges
                0x00000298       0x70 D:/msys32/home/40806/esp/example/mqtt_no_ssl/build/bootloader/spi_flash\libspi_flash.a(spi_flash_raw.o)
 .debug_aranges
                0x00000308       0x28 D:/msys32/home/40806/esp/example/mqtt_no_ssl/build/bootloader/log\liblog.a(log.o)
 .debug_aranges
                0x00000330       0x38 D:/msys32/home/40806/esp/example/mqtt_no_ssl/build/bootloader/esp8266\libesp8266.a(ets_printf.o)
 .debug_aranges
                0x00000368       0x30 D:/msys32/home/40806/esp/example/mqtt_no_ssl/build/bootloader/util\libutil.a(crc.o)

.debug_ranges   0x00000000      0x400
 .debug_ranges  0x00000000       0x20 D:/msys32/home/40806/esp/example/mqtt_no_ssl/build/bootloader/main\libmain.a(bootloader_start.o)
 .debug_ranges  0x00000020       0x58 D:/msys32/home/40806/esp/example/mqtt_no_ssl/build/bootloader/bootloader_support\libbootloader_support.a(bootloader_utility.o)
 .debug_ranges  0x00000078       0x30 D:/msys32/home/40806/esp/example/mqtt_no_ssl/build/bootloader/bootloader_support\libbootloader_support.a(bootloader_init.o)
 .debug_ranges  0x000000a8       0x38 D:/msys32/home/40806/esp/example/mqtt_no_ssl/build/bootloader/bootloader_support\libbootloader_support.a(bootloader_flash.o)
 .debug_ranges  0x000000e0       0x80 D:/msys32/home/40806/esp/example/mqtt_no_ssl/build/bootloader/bootloader_support\libbootloader_support.a(esp_image_format.o)
 .debug_ranges  0x00000160       0x40 D:/msys32/home/40806/esp/example/mqtt_no_ssl/build/bootloader/bootloader_support\libbootloader_support.a(flash_partitions.o)
 .debug_ranges  0x000001a0       0x20 D:/msys32/home/40806/esp/example/mqtt_no_ssl/build/bootloader/bootloader_support\libbootloader_support.a(bootloader_common.o)
 .debug_ranges  0x000001c0      0x180 D:/msys32/home/40806/esp/example/mqtt_no_ssl/build/bootloader/spi_flash\libspi_flash.a(spi_flash.o)
 .debug_ranges  0x00000340       0x60 D:/msys32/home/40806/esp/example/mqtt_no_ssl/build/bootloader/spi_flash\libspi_flash.a(spi_flash_raw.o)
 .debug_ranges  0x000003a0       0x18 D:/msys32/home/40806/esp/example/mqtt_no_ssl/build/bootloader/log\liblog.a(log.o)
 .debug_ranges  0x000003b8       0x28 D:/msys32/home/40806/esp/example/mqtt_no_ssl/build/bootloader/esp8266\libesp8266.a(ets_printf.o)
 .debug_ranges  0x000003e0       0x20 D:/msys32/home/40806/esp/example/mqtt_no_ssl/build/bootloader/util\libutil.a(crc.o)

.debug_line     0x00000000     0x3989
 .debug_line    0x00000000      0x366 D:/msys32/home/40806/esp/example/mqtt_no_ssl/build/bootloader/main\libmain.a(bootloader_start.o)
 .debug_line    0x00000366      0x7a2 D:/msys32/home/40806/esp/example/mqtt_no_ssl/build/bootloader/bootloader_support\libbootloader_support.a(bootloader_utility.o)
 .debug_line    0x00000b08      0x4ac D:/msys32/home/40806/esp/example/mqtt_no_ssl/build/bootloader/bootloader_support\libbootloader_support.a(bootloader_init.o)
 .debug_line    0x00000fb4      0x359 D:/msys32/home/40806/esp/example/mqtt_no_ssl/build/bootloader/bootloader_support\libbootloader_support.a(bootloader_flash.o)
 .debug_line    0x0000130d      0x744 D:/msys32/home/40806/esp/example/mqtt_no_ssl/build/bootloader/bootloader_support\libbootloader_support.a(esp_image_format.o)
 .debug_line    0x00001a51      0x2ff D:/msys32/home/40806/esp/example/mqtt_no_ssl/build/bootloader/bootloader_support\libbootloader_support.a(flash_partitions.o)
 .debug_line    0x00001d50      0x339 D:/msys32/home/40806/esp/example/mqtt_no_ssl/build/bootloader/bootloader_support\libbootloader_support.a(bootloader_common.o)
 .debug_line    0x00002089      0xc99 D:/msys32/home/40806/esp/example/mqtt_no_ssl/build/bootloader/spi_flash\libspi_flash.a(spi_flash.o)
 .debug_line    0x00002d22      0x62f D:/msys32/home/40806/esp/example/mqtt_no_ssl/build/bootloader/spi_flash\libspi_flash.a(spi_flash_raw.o)
 .debug_line    0x00003351      0x296 D:/msys32/home/40806/esp/example/mqtt_no_ssl/build/bootloader/log\liblog.a(log.o)
 .debug_line    0x000035e7      0x211 D:/msys32/home/40806/esp/example/mqtt_no_ssl/build/bootloader/esp8266\libesp8266.a(ets_printf.o)
 .debug_line    0x000037f8      0x191 D:/msys32/home/40806/esp/example/mqtt_no_ssl/build/bootloader/util\libutil.a(crc.o)

.debug_str      0x00000000     0x180c
 .debug_str     0x00000000      0x46d D:/msys32/home/40806/esp/example/mqtt_no_ssl/build/bootloader/main\libmain.a(bootloader_start.o)
                                0x4e5 (size before relaxing)
 .debug_str     0x0000046d      0x2ad D:/msys32/home/40806/esp/example/mqtt_no_ssl/build/bootloader/bootloader_support\libbootloader_support.a(bootloader_utility.o)
                                0x6de (size before relaxing)
 .debug_str     0x0000071a      0x2c2 D:/msys32/home/40806/esp/example/mqtt_no_ssl/build/bootloader/bootloader_support\libbootloader_support.a(bootloader_init.o)
                                0x5a4 (size before relaxing)
 .debug_str     0x000009dc      0x16f D:/msys32/home/40806/esp/example/mqtt_no_ssl/build/bootloader/bootloader_support\libbootloader_support.a(bootloader_flash.o)
                                0x3ec (size before relaxing)
 .debug_str     0x00000b4b      0x1b6 D:/msys32/home/40806/esp/example/mqtt_no_ssl/build/bootloader/bootloader_support\libbootloader_support.a(esp_image_format.o)
                                0x773 (size before relaxing)
 .debug_str     0x00000d01       0xfb D:/msys32/home/40806/esp/example/mqtt_no_ssl/build/bootloader/bootloader_support\libbootloader_support.a(flash_partitions.o)
                                0x3a9 (size before relaxing)
 .debug_str     0x00000dfc      0x170 D:/msys32/home/40806/esp/example/mqtt_no_ssl/build/bootloader/bootloader_support\libbootloader_support.a(bootloader_common.o)
                                0x382 (size before relaxing)
 .debug_str     0x00000f6c      0x52b D:/msys32/home/40806/esp/example/mqtt_no_ssl/build/bootloader/spi_flash\libspi_flash.a(spi_flash.o)
                                0x8fa (size before relaxing)
 .debug_str     0x00001497      0x131 D:/msys32/home/40806/esp/example/mqtt_no_ssl/build/bootloader/spi_flash\libspi_flash.a(spi_flash_raw.o)
                                0x4bd (size before relaxing)
 .debug_str     0x000015c8      0x100 D:/msys32/home/40806/esp/example/mqtt_no_ssl/build/bootloader/log\liblog.a(log.o)
                                0x2be (size before relaxing)
 .debug_str     0x000016c8       0xc2 D:/msys32/home/40806/esp/example/mqtt_no_ssl/build/bootloader/esp8266\libesp8266.a(ets_printf.o)
                                0x221 (size before relaxing)
 .debug_str     0x0000178a       0x82 D:/msys32/home/40806/esp/example/mqtt_no_ssl/build/bootloader/util\libutil.a(crc.o)
                                0x184 (size before relaxing)

.comment        0x00000000       0x75
 .comment       0x00000000       0x3b D:/msys32/home/40806/esp/example/mqtt_no_ssl/build/bootloader/main\libmain.a(bootloader_start.o)
                                 0x3c (size before relaxing)
 .comment       0x0000003b       0x3c D:/msys32/home/40806/esp/example/mqtt_no_ssl/build/bootloader/bootloader_support\libbootloader_support.a(bootloader_utility.o)
 .comment       0x0000003b       0x3c D:/msys32/home/40806/esp/example/mqtt_no_ssl/build/bootloader/bootloader_support\libbootloader_support.a(bootloader_init.o)
 .comment       0x0000003b       0x3c D:/msys32/home/40806/esp/example/mqtt_no_ssl/build/bootloader/bootloader_support\libbootloader_support.a(bootloader_flash.o)
 .comment       0x0000003b       0x3c D:/msys32/home/40806/esp/example/mqtt_no_ssl/build/bootloader/bootloader_support\libbootloader_support.a(esp_image_format.o)
 .comment       0x0000003b       0x3c D:/msys32/home/40806/esp/example/mqtt_no_ssl/build/bootloader/bootloader_support\libbootloader_support.a(flash_partitions.o)
 .comment       0x0000003b       0x3c D:/msys32/home/40806/esp/example/mqtt_no_ssl/build/bootloader/bootloader_support\libbootloader_support.a(bootloader_common.o)
 .comment       0x0000003b       0x3c D:/msys32/home/40806/esp/example/mqtt_no_ssl/build/bootloader/spi_flash\libspi_flash.a(spi_flash.o)
 .comment       0x0000003b       0x3c D:/msys32/home/40806/esp/example/mqtt_no_ssl/build/bootloader/spi_flash\libspi_flash.a(spi_flash_raw.o)
 .comment       0x0000003b       0x3c D:/msys32/home/40806/esp/example/mqtt_no_ssl/build/bootloader/log\liblog.a(log.o)
 .comment       0x0000003b       0x3c D:/msys32/home/40806/esp/example/mqtt_no_ssl/build/bootloader/esp8266\libesp8266.a(ets_printf.o)
 .comment       0x0000003b       0x3c D:/msys32/home/40806/esp/example/mqtt_no_ssl/build/bootloader/util\libutil.a(crc.o)
 .comment       0x0000003b       0x3a D:/msys32/home/40806/esp/ESP8266_RTOS_SDK/components/esp8266/lib\libcore.a(phy.o)
                                 0x3b (size before relaxing)
 .comment       0x00000075       0x3b D:/msys32/home/40806/esp/ESP8266_RTOS_SDK/components/esp8266/lib\libcore.a(uart.o)

.xtensa.info    0x00000000       0x38
 .xtensa.info   0x00000000       0x38 D:/msys32/home/40806/esp/example/mqtt_no_ssl/build/bootloader/main\libmain.a(bootloader_start.o)
 .xtensa.info   0x00000038        0x0 D:/msys32/home/40806/esp/example/mqtt_no_ssl/build/bootloader/bootloader_support\libbootloader_support.a(bootloader_utility.o)
 .xtensa.info   0x00000038        0x0 D:/msys32/home/40806/esp/example/mqtt_no_ssl/build/bootloader/bootloader_support\libbootloader_support.a(bootloader_init.o)
 .xtensa.info   0x00000038        0x0 D:/msys32/home/40806/esp/example/mqtt_no_ssl/build/bootloader/bootloader_support\libbootloader_support.a(bootloader_flash.o)
 .xtensa.info   0x00000038        0x0 D:/msys32/home/40806/esp/example/mqtt_no_ssl/build/bootloader/bootloader_support\libbootloader_support.a(esp_image_format.o)
 .xtensa.info   0x00000038        0x0 D:/msys32/home/40806/esp/example/mqtt_no_ssl/build/bootloader/bootloader_support\libbootloader_support.a(flash_partitions.o)
 .xtensa.info   0x00000038        0x0 D:/msys32/home/40806/esp/example/mqtt_no_ssl/build/bootloader/bootloader_support\libbootloader_support.a(bootloader_common.o)
 .xtensa.info   0x00000038        0x0 D:/msys32/home/40806/esp/example/mqtt_no_ssl/build/bootloader/spi_flash\libspi_flash.a(spi_flash.o)
 .xtensa.info   0x00000038        0x0 D:/msys32/home/40806/esp/example/mqtt_no_ssl/build/bootloader/spi_flash\libspi_flash.a(spi_flash_raw.o)
 .xtensa.info   0x00000038        0x0 D:/msys32/home/40806/esp/example/mqtt_no_ssl/build/bootloader/log\liblog.a(log.o)
 .xtensa.info   0x00000038        0x0 D:/msys32/home/40806/esp/example/mqtt_no_ssl/build/bootloader/esp8266\libesp8266.a(ets_printf.o)
 .xtensa.info   0x00000038        0x0 D:/msys32/home/40806/esp/example/mqtt_no_ssl/build/bootloader/util\libutil.a(crc.o)
 .xtensa.info   0x00000038        0x0 D:/msys32/home/40806/esp/ESP8266_RTOS_SDK/components/esp8266/lib\libcore.a(phy.o)
 .xtensa.info   0x00000038        0x0 D:/msys32/home/40806/esp/ESP8266_RTOS_SDK/components/esp8266/lib\libcore.a(uart.o)
